// Jest Snapshot v1, https://goo.gl/fbAQLP

exports[`StarRating should render correctly in "debug" mode 1`] = `ShallowWrapper {}`;

exports[`StarRating should render correctly with no props 1`] = `ShallowWrapper {}`;
